// Jest Snapshot v1, https://goo.gl/fbAQLP

exports[`IdentityMenu renders 1`] = `
<DocumentFragment>
  <div
    class="menu identity-menu"
  >
    <a
      href=""
    >
      My streets
    </a>
    <a
      class="menu-item"
    >
      Sign out
    </a>
  </div>
</DocumentFragment>
`;
