// Jest Snapshot v1, https://goo.gl/fbAQLP

exports[`MenusContainer renders 1`] = `
<DocumentFragment>
  <nav
    class="menu-bar"
  >
    <ul
      class="menu-bar-left"
    >
      <li
        class="menu-bar-title"
      >
        <img
          alt="Streemix"
          class="menu-bar-logo"
          src="test-file-stub"
        />
        <h1>
          Streetmix
        </h1>
      </li>
      <li>
        <button
          class="menu-attached"
        >
          Help
        </button>
      </li>
      <li>
        <button
          class="menu-attached"
        >
          Contact
        </button>
      </li>
      <li>
        <a
          href="https://opencollective.com/streetmix/"
          rel="noopener noreferrer"
          target="_blank"
        >
          Donate
        </a>
      </li>
      <li>
        <a
          href="https://cottonbureau.com/people/streetmix"
          rel="noopener noreferrer"
          target="_blank"
        >
          Store
        </a>
      </li>
    </ul>
    <ul
      class="menu-bar-right"
    >
      <li>
        <a
          href="/new"
          target="_blank"
        >
          New street
        </a>
      </li>
      <li>
        <button
          class="menu-attached"
        >
          Settings
        </button>
      </li>
      <li>
        <button
          class="menu-attached"
        >
          Share
        </button>
      </li>
      <li>
        <button
          class="menu-sign-in button-secondary"
        >
          Sign in
        </button>
      </li>
    </ul>
  </nav>
  <div
    class="menus-container"
  />
</DocumentFragment>
`;
