// Jest Snapshot v1, https://goo.gl/fbAQLP

exports[`Variants segment variants renders segment buttons 1`] = `
<DocumentFragment>
  <div
    class="variants"
  >
    <button
      class="variant-selected"
      disabled=""
      title="Inbound"
    >
      <svg
        class="icon"
        xmlns="http://www.w3.org/1999/svg"
        xmlns:xlink="http://www.w3.org/1999/xlink"
      >
        <use
          xlink:href="#icon-direction-inbound"
        />
      </svg>
    </button>
    <button
      title="Outbound"
    >
      <svg
        class="icon"
        xmlns="http://www.w3.org/1999/svg"
        xmlns:xlink="http://www.w3.org/1999/xlink"
      >
        <use
          xlink:href="#icon-direction-outbound"
        />
      </svg>
    </button>
    <button
      title="No one"
    >
      <svg
        class="icon"
        xmlns="http://www.w3.org/1999/svg"
        xmlns:xlink="http://www.w3.org/1999/xlink"
      >
        <use
          xlink:href="#icon-"
        />
      </svg>
    </button>
    <hr />
  </div>
</DocumentFragment>
`;
