// Jest Snapshot v1, https://goo.gl/fbAQLP

exports[`Flash renders 1`] = `
<DocumentFragment>
  <div
    class="flash"
  />
</DocumentFragment>
`;
